[1.308s] Invoking command in '/root/workspaces/turtlebot_keyboard/src/turtlebot_controller': PYTHONPATH=/root/workspaces/turtlebot_keyboard/build/turtlebot_controller/prefix_override:/usr/lib/python3/dist-packages/colcon_core/task/python/colcon_distutils_commands:/root/workspaces/turtlebot_keyboard/install/turtlebot_controller/lib/python3.12/site-packages:${PYTHONPATH} /usr/bin/python3 -W ignore:setup.py install is deprecated -W ignore:easy_install command is deprecated setup.py egg_info --egg-base ../../build/turtlebot_controller build --build-base /root/workspaces/turtlebot_keyboard/build/turtlebot_controller/build install --record /root/workspaces/turtlebot_keyboard/build/turtlebot_controller/install.log --install-scripts $base/lib/turtlebot_controller --single-version-externally-managed install_data
[1.633s] running egg_info
[1.663s] writing ../../build/turtlebot_controller/turtlebot_controller.egg-info/PKG-INFO
[1.684s] writing dependency_links to ../../build/turtlebot_controller/turtlebot_controller.egg-info/dependency_links.txt
[1.703s] writing entry points to ../../build/turtlebot_controller/turtlebot_controller.egg-info/entry_points.txt
[1.720s] writing requirements to ../../build/turtlebot_controller/turtlebot_controller.egg-info/requires.txt
[1.735s] writing top-level names to ../../build/turtlebot_controller/turtlebot_controller.egg-info/top_level.txt
[1.807s] reading manifest file '../../build/turtlebot_controller/turtlebot_controller.egg-info/SOURCES.txt'
[1.827s] writing manifest file '../../build/turtlebot_controller/turtlebot_controller.egg-info/SOURCES.txt'
[1.838s] running build
[1.851s] running build_py
[1.863s] running install
[1.883s] running install_lib
[1.900s] running install_data
[1.927s] running install_egg_info
[1.944s] removing '/root/workspaces/turtlebot_keyboard/install/turtlebot_controller/lib/python3.12/site-packages/turtlebot_controller-0.0.0-py3.12.egg-info' (and everything under it)
[1.962s] Copying ../../build/turtlebot_controller/turtlebot_controller.egg-info to /root/workspaces/turtlebot_keyboard/install/turtlebot_controller/lib/python3.12/site-packages/turtlebot_controller-0.0.0-py3.12.egg-info
[2.129s] running install_scripts
[2.328s] Installing controller script to /root/workspaces/turtlebot_keyboard/install/turtlebot_controller/lib/turtlebot_controller
[2.346s] Installing monitor script to /root/workspaces/turtlebot_keyboard/install/turtlebot_controller/lib/turtlebot_controller
[2.365s] writing list of installed files to '/root/workspaces/turtlebot_keyboard/build/turtlebot_controller/install.log'
[2.421s] Invoked command in '/root/workspaces/turtlebot_keyboard/src/turtlebot_controller' returned '0': PYTHONPATH=/root/workspaces/turtlebot_keyboard/build/turtlebot_controller/prefix_override:/usr/lib/python3/dist-packages/colcon_core/task/python/colcon_distutils_commands:/root/workspaces/turtlebot_keyboard/install/turtlebot_controller/lib/python3.12/site-packages:${PYTHONPATH} /usr/bin/python3 -W ignore:setup.py install is deprecated -W ignore:easy_install command is deprecated setup.py egg_info --egg-base ../../build/turtlebot_controller build --build-base /root/workspaces/turtlebot_keyboard/build/turtlebot_controller/build install --record /root/workspaces/turtlebot_keyboard/build/turtlebot_controller/install.log --install-scripts $base/lib/turtlebot_controller --single-version-externally-managed install_data
