[0.316s] DEBUG:colcon:Command line arguments: ['/usr/bin/colcon', 'build']
[0.317s] DEBUG:colcon:Parsed command line arguments: Namespace(log_base=None, log_level=None, verb_name='build', build_base='build', install_base='install', merge_install=False, symlink_install=False, test_result_base=None, continue_on_error=False, executor='parallel', parallel_workers=4, event_handlers=None, ignore_user_meta=False, metas=['./colcon.meta'], base_paths=['.'], packages_ignore=None, packages_ignore_regex=None, paths=None, packages_up_to=None, packages_up_to_regex=None, packages_above=None, packages_above_and_dependencies=None, packages_above_depth=None, packages_select_by_dep=None, packages_skip_by_dep=None, packages_skip_up_to=None, packages_select_build_failed=False, packages_skip_build_finished=False, packages_select_test_failures=False, packages_skip_test_passed=False, packages_select=None, packages_skip=None, packages_select_regex=None, packages_skip_regex=None, packages_start=None, packages_end=None, allow_overriding=[], cmake_args=None, cmake_target=None, cmake_target_skip_unavailable=False, cmake_clean_cache=False, cmake_clean_first=False, cmake_force_configure=False, ament_cmake_args=None, catkin_cmake_args=None, catkin_skip_building_tests=False, verb_parser=<colcon_defaults.argument_parser.defaults.DefaultArgumentsDecorator object at 0x7f2f5e1092b0>, verb_extension=<colcon_core.verb.build.BuildVerb object at 0x7f2f5e27a0c0>, main=<bound method BuildVerb.main of <colcon_core.verb.build.BuildVerb object at 0x7f2f5e27a0c0>>)
[0.445s] Level 1:colcon.colcon_core.package_discovery:discover_packages(colcon_meta) check parameters
[0.446s] Level 1:colcon.colcon_core.package_discovery:discover_packages(recursive) check parameters
[0.449s] Level 1:colcon.colcon_core.package_discovery:discover_packages(ignore) check parameters
[0.452s] Level 1:colcon.colcon_core.package_discovery:discover_packages(path) check parameters
[0.455s] Level 1:colcon.colcon_core.package_discovery:discover_packages(colcon_meta) discover
[0.462s] Level 1:colcon.colcon_core.package_discovery:discover_packages(recursive) discover
[0.465s] INFO:colcon.colcon_core.package_discovery:Crawling recursively for packages in '/root/workspaces/turtlebot_keyboard'
[0.469s] Level 1:colcon.colcon_core.package_identification:_identify(.) by extensions ['ignore', 'ignore_ament_install']
[0.472s] Level 1:colcon.colcon_core.package_identification:_identify(.) by extension 'ignore'
[0.476s] Level 1:colcon.colcon_core.package_identification:_identify(.) by extension 'ignore_ament_install'
[0.480s] Level 1:colcon.colcon_core.package_identification:_identify(.) by extensions ['colcon_pkg']
[0.486s] Level 1:colcon.colcon_core.package_identification:_identify(.) by extension 'colcon_pkg'
[0.491s] Level 1:colcon.colcon_core.package_identification:_identify(.) by extensions ['colcon_meta']
[0.493s] Level 1:colcon.colcon_core.package_identification:_identify(.) by extension 'colcon_meta'
[0.497s] Level 1:colcon.colcon_core.package_identification:_identify(.) by extensions ['ros']
[0.500s] Level 1:colcon.colcon_core.package_identification:_identify(.) by extension 'ros'
[0.546s] Level 1:colcon.colcon_core.package_identification:_identify(.) by extensions ['cmake', 'python']
[0.546s] Level 1:colcon.colcon_core.package_identification:_identify(.) by extension 'cmake'
[0.550s] Level 1:colcon.colcon_core.package_identification:_identify(.) by extension 'python'
[0.553s] Level 1:colcon.colcon_core.package_identification:_identify(.) by extensions ['python_setup_py']
[0.557s] Level 1:colcon.colcon_core.package_identification:_identify(.) by extension 'python_setup_py'
[0.561s] Level 1:colcon.colcon_core.package_identification:_identify(build) by extensions ['ignore', 'ignore_ament_install']
[0.563s] Level 1:colcon.colcon_core.package_identification:_identify(build) by extension 'ignore'
[0.571s] Level 1:colcon.colcon_core.package_identification:_identify(build) ignored
[0.575s] Level 1:colcon.colcon_core.package_identification:_identify(install) by extensions ['ignore', 'ignore_ament_install']
[0.578s] Level 1:colcon.colcon_core.package_identification:_identify(install) by extension 'ignore'
[0.582s] Level 1:colcon.colcon_core.package_identification:_identify(install) ignored
[0.589s] Level 1:colcon.colcon_core.package_identification:_identify(log) by extensions ['ignore', 'ignore_ament_install']
[0.590s] Level 1:colcon.colcon_core.package_identification:_identify(log) by extension 'ignore'
[0.593s] Level 1:colcon.colcon_core.package_identification:_identify(log) ignored
[0.596s] Level 1:colcon.colcon_core.package_identification:_identify(src) by extensions ['ignore', 'ignore_ament_install']
[0.599s] Level 1:colcon.colcon_core.package_identification:_identify(src) by extension 'ignore'
[0.603s] Level 1:colcon.colcon_core.package_identification:_identify(src) by extension 'ignore_ament_install'
[0.610s] Level 1:colcon.colcon_core.package_identification:_identify(src) by extensions ['colcon_pkg']
[0.611s] Level 1:colcon.colcon_core.package_identification:_identify(src) by extension 'colcon_pkg'
[0.615s] Level 1:colcon.colcon_core.package_identification:_identify(src) by extensions ['colcon_meta']
[0.618s] Level 1:colcon.colcon_core.package_identification:_identify(src) by extension 'colcon_meta'
[0.622s] Level 1:colcon.colcon_core.package_identification:_identify(src) by extensions ['ros']
[0.625s] Level 1:colcon.colcon_core.package_identification:_identify(src) by extension 'ros'
[0.635s] Level 1:colcon.colcon_core.package_identification:_identify(src) by extensions ['cmake', 'python']
[0.635s] Level 1:colcon.colcon_core.package_identification:_identify(src) by extension 'cmake'
[0.639s] Level 1:colcon.colcon_core.package_identification:_identify(src) by extension 'python'
[0.642s] Level 1:colcon.colcon_core.package_identification:_identify(src) by extensions ['python_setup_py']
[0.644s] Level 1:colcon.colcon_core.package_identification:_identify(src) by extension 'python_setup_py'
[0.648s] Level 1:colcon.colcon_core.package_identification:_identify(src/turtlebot_controller) by extensions ['ignore', 'ignore_ament_install']
[0.651s] Level 1:colcon.colcon_core.package_identification:_identify(src/turtlebot_controller) by extension 'ignore'
[0.654s] Level 1:colcon.colcon_core.package_identification:_identify(src/turtlebot_controller) by extension 'ignore_ament_install'
[0.658s] Level 1:colcon.colcon_core.package_identification:_identify(src/turtlebot_controller) by extensions ['colcon_pkg']
[0.659s] Level 1:colcon.colcon_core.package_identification:_identify(src/turtlebot_controller) by extension 'colcon_pkg'
[0.664s] Level 1:colcon.colcon_core.package_identification:_identify(src/turtlebot_controller) by extensions ['colcon_meta']
[0.666s] Level 1:colcon.colcon_core.package_identification:_identify(src/turtlebot_controller) by extension 'colcon_meta'
[0.669s] Level 1:colcon.colcon_core.package_identification:_identify(src/turtlebot_controller) by extensions ['ros']
[0.673s] Level 1:colcon.colcon_core.package_identification:_identify(src/turtlebot_controller) by extension 'ros'
[0.684s] DEBUG:colcon.colcon_core.package_identification:Package 'src/turtlebot_controller' with type 'ros.ament_python' and name 'turtlebot_controller'
[0.684s] Level 1:colcon.colcon_core.package_discovery:discover_packages(recursive) using defaults
[0.688s] Level 1:colcon.colcon_core.package_discovery:discover_packages(ignore) discover
[0.691s] Level 1:colcon.colcon_core.package_discovery:discover_packages(ignore) using defaults
[0.694s] Level 1:colcon.colcon_core.package_discovery:discover_packages(path) discover
[0.697s] Level 1:colcon.colcon_core.package_discovery:discover_packages(path) using defaults
[0.743s] Level 1:colcon.colcon_core.package_discovery:discover_packages(prefix_path) check parameters
[0.743s] Level 1:colcon.colcon_core.package_discovery:discover_packages(prefix_path) discover
[0.767s] DEBUG:colcon.colcon_installed_package_information.package_discovery:Found 4 installed packages in /root/workspaces/turtlebot_ws/install
[0.771s] DEBUG:colcon.colcon_installed_package_information.package_discovery:Found 455 installed packages in /opt/ros/jazzy
[0.773s] Level 1:colcon.colcon_core.package_discovery:discover_packages(prefix_path) using defaults
[0.880s] Level 5:colcon.colcon_core.verb:set package 'turtlebot_controller' build argument 'cmake_args' from command line to 'None'
[0.880s] Level 5:colcon.colcon_core.verb:set package 'turtlebot_controller' build argument 'cmake_target' from command line to 'None'
[0.883s] Level 5:colcon.colcon_core.verb:set package 'turtlebot_controller' build argument 'cmake_target_skip_unavailable' from command line to 'False'
[0.886s] Level 5:colcon.colcon_core.verb:set package 'turtlebot_controller' build argument 'cmake_clean_cache' from command line to 'False'
[0.890s] Level 5:colcon.colcon_core.verb:set package 'turtlebot_controller' build argument 'cmake_clean_first' from command line to 'False'
[0.893s] Level 5:colcon.colcon_core.verb:set package 'turtlebot_controller' build argument 'cmake_force_configure' from command line to 'False'
[0.896s] Level 5:colcon.colcon_core.verb:set package 'turtlebot_controller' build argument 'ament_cmake_args' from command line to 'None'
[0.899s] Level 5:colcon.colcon_core.verb:set package 'turtlebot_controller' build argument 'catkin_cmake_args' from command line to 'None'
[0.902s] Level 5:colcon.colcon_core.verb:set package 'turtlebot_controller' build argument 'catkin_skip_building_tests' from command line to 'False'
[0.906s] DEBUG:colcon.colcon_core.verb:Building package 'turtlebot_controller' with the following arguments: {'ament_cmake_args': None, 'build_base': '/root/workspaces/turtlebot_keyboard/build/turtlebot_controller', 'catkin_cmake_args': None, 'catkin_skip_building_tests': False, 'cmake_args': None, 'cmake_clean_cache': False, 'cmake_clean_first': False, 'cmake_force_configure': False, 'cmake_target': None, 'cmake_target_skip_unavailable': False, 'install_base': '/root/workspaces/turtlebot_keyboard/install/turtlebot_controller', 'merge_install': False, 'path': '/root/workspaces/turtlebot_keyboard/src/turtlebot_controller', 'symlink_install': False, 'test_result_base': None}
[0.909s] INFO:colcon.colcon_core.executor:Executing jobs using 'parallel' executor
[0.913s] DEBUG:colcon.colcon_parallel_executor.executor.parallel:run_until_complete
[0.915s] INFO:colcon.colcon_ros.task.ament_python.build:Building ROS package in '/root/workspaces/turtlebot_keyboard/src/turtlebot_controller' with build type 'ament_python'
[0.919s] Level 1:colcon.colcon_core.shell:create_environment_hook('turtlebot_controller', 'ament_prefix_path')
[0.933s] INFO:colcon.colcon_core.plugin_system:Skipping extension 'colcon_core.shell.bat': Not used on non-Windows systems
[0.936s] INFO:colcon.colcon_core.shell:Creating environment hook '/root/workspaces/turtlebot_keyboard/install/turtlebot_controller/share/turtlebot_controller/hook/ament_prefix_path.ps1'
[0.954s] INFO:colcon.colcon_core.shell:Creating environment descriptor '/root/workspaces/turtlebot_keyboard/install/turtlebot_controller/share/turtlebot_controller/hook/ament_prefix_path.dsv'
[0.972s] INFO:colcon.colcon_core.shell:Creating environment hook '/root/workspaces/turtlebot_keyboard/install/turtlebot_controller/share/turtlebot_controller/hook/ament_prefix_path.sh'
[0.984s] INFO:colcon.colcon_core.shell:Skip shell extension 'powershell' for command environment: Not usable outside of PowerShell
[0.984s] DEBUG:colcon.colcon_core.shell:Skip shell extension 'dsv' for command environment
[1.354s] INFO:colcon.colcon_core.task.python.build:Building Python package in '/root/workspaces/turtlebot_keyboard/src/turtlebot_controller'
[1.354s] INFO:colcon.colcon_core.shell:Skip shell extension 'powershell' for command environment: Not usable outside of PowerShell
[1.357s] DEBUG:colcon.colcon_core.shell:Skip shell extension 'dsv' for command environment
[2.839s] DEBUG:colcon.colcon_core.task.python.build:Available setuptools commands: bdist, update_catalog, upload, install_lib, setopt, build_py, bdist_rpm, build_clib, develop, build_scripts, egg_info, install_data, build, dist_info, rotate, install_headers, bdist_wheel, alias, saveopts, compile_catalog, easy_install, test, register, install, install_scripts, sdist, bdist_dumb, extract_messages, clean, install_egg_info, editable_wheel, symlink_data, init_catalog, bdist_egg, build_ext, check, upload_docs
[2.880s] DEBUG:colcon.colcon_core.event_handler.log_command:Invoking command in '/root/workspaces/turtlebot_keyboard/src/turtlebot_controller': PYTHONPATH=/root/workspaces/turtlebot_keyboard/build/turtlebot_controller/prefix_override:/usr/lib/python3/dist-packages/colcon_core/task/python/colcon_distutils_commands:/root/workspaces/turtlebot_keyboard/install/turtlebot_controller/lib/python3.12/site-packages:${PYTHONPATH} /usr/bin/python3 -W ignore:setup.py install is deprecated -W ignore:easy_install command is deprecated setup.py egg_info --egg-base ../../build/turtlebot_controller build --build-base /root/workspaces/turtlebot_keyboard/build/turtlebot_controller/build install --record /root/workspaces/turtlebot_keyboard/build/turtlebot_controller/install.log --install-scripts $base/lib/turtlebot_controller --single-version-externally-managed install_data
[4.047s] DEBUG:colcon.colcon_core.event_handler.log_command:Invoked command in '/root/workspaces/turtlebot_keyboard/src/turtlebot_controller' returned '0': PYTHONPATH=/root/workspaces/turtlebot_keyboard/build/turtlebot_controller/prefix_override:/usr/lib/python3/dist-packages/colcon_core/task/python/colcon_distutils_commands:/root/workspaces/turtlebot_keyboard/install/turtlebot_controller/lib/python3.12/site-packages:${PYTHONPATH} /usr/bin/python3 -W ignore:setup.py install is deprecated -W ignore:easy_install command is deprecated setup.py egg_info --egg-base ../../build/turtlebot_controller build --build-base /root/workspaces/turtlebot_keyboard/build/turtlebot_controller/build install --record /root/workspaces/turtlebot_keyboard/build/turtlebot_controller/install.log --install-scripts $base/lib/turtlebot_controller --single-version-externally-managed install_data
[4.057s] Level 1:colcon.colcon_core.environment:checking '/root/workspaces/turtlebot_keyboard/install/turtlebot_controller' for CMake module files
[4.072s] Level 1:colcon.colcon_core.environment:checking '/root/workspaces/turtlebot_keyboard/install/turtlebot_controller' for CMake config files
[4.080s] Level 1:colcon.colcon_core.environment:checking '/root/workspaces/turtlebot_keyboard/install/turtlebot_controller/lib'
[4.081s] Level 1:colcon.colcon_core.environment:checking '/root/workspaces/turtlebot_keyboard/install/turtlebot_controller/bin'
[4.085s] Level 1:colcon.colcon_core.environment:checking '/root/workspaces/turtlebot_keyboard/install/turtlebot_controller/lib/pkgconfig/turtlebot_controller.pc'
[4.088s] Level 1:colcon.colcon_core.environment:checking '/root/workspaces/turtlebot_keyboard/install/turtlebot_controller/lib/python3.12/site-packages'
[4.090s] Level 1:colcon.colcon_core.shell:create_environment_hook('turtlebot_controller', 'pythonpath')
[4.094s] INFO:colcon.colcon_core.shell:Creating environment hook '/root/workspaces/turtlebot_keyboard/install/turtlebot_controller/share/turtlebot_controller/hook/pythonpath.ps1'
[4.110s] INFO:colcon.colcon_core.shell:Creating environment descriptor '/root/workspaces/turtlebot_keyboard/install/turtlebot_controller/share/turtlebot_controller/hook/pythonpath.dsv'
[4.121s] INFO:colcon.colcon_core.shell:Creating environment hook '/root/workspaces/turtlebot_keyboard/install/turtlebot_controller/share/turtlebot_controller/hook/pythonpath.sh'
[4.133s] Level 1:colcon.colcon_core.environment:checking '/root/workspaces/turtlebot_keyboard/install/turtlebot_controller/bin'
[4.133s] Level 1:colcon.colcon_core.environment:create_environment_scripts_only(turtlebot_controller)
[4.137s] INFO:colcon.colcon_core.shell:Creating package script '/root/workspaces/turtlebot_keyboard/install/turtlebot_controller/share/turtlebot_controller/package.ps1'
[4.152s] INFO:colcon.colcon_core.shell:Creating package descriptor '/root/workspaces/turtlebot_keyboard/install/turtlebot_controller/share/turtlebot_controller/package.dsv'
[4.163s] INFO:colcon.colcon_core.shell:Creating package script '/root/workspaces/turtlebot_keyboard/install/turtlebot_controller/share/turtlebot_controller/package.sh'
[4.175s] INFO:colcon.colcon_core.shell:Creating package script '/root/workspaces/turtlebot_keyboard/install/turtlebot_controller/share/turtlebot_controller/package.bash'
[4.187s] INFO:colcon.colcon_core.shell:Creating package script '/root/workspaces/turtlebot_keyboard/install/turtlebot_controller/share/turtlebot_controller/package.zsh'
[4.198s] Level 1:colcon.colcon_core.environment:create_file_with_runtime_dependencies(/root/workspaces/turtlebot_keyboard/install/turtlebot_controller/share/colcon-core/packages/turtlebot_controller)
[4.210s] DEBUG:colcon.colcon_parallel_executor.executor.parallel:closing loop
[4.210s] DEBUG:colcon.colcon_parallel_executor.executor.parallel:loop closed
[4.214s] DEBUG:colcon.colcon_parallel_executor.executor.parallel:run_until_complete finished with '0'
[4.214s] DEBUG:colcon.colcon_core.event_reactor:joining thread
[4.249s] INFO:colcon.colcon_core.plugin_system:Skipping extension 'colcon_notification.desktop_notification.notify_send': Could not find 'notify-send'
[4.249s] INFO:colcon.colcon_core.plugin_system:Skipping extension 'colcon_notification.desktop_notification.terminal_notifier': Not used on non-Darwin systems
[4.253s] INFO:colcon.colcon_core.plugin_system:Skipping extension 'colcon_notification.desktop_notification.win32': Not used on non-Windows systems
[4.256s] INFO:colcon.colcon_notification.desktop_notification:Sending desktop notification using 'notify2'
[4.264s] DEBUG:colcon.colcon_notification.desktop_notification.notify2:Failed to initialize notify2: org.freedesktop.DBus.Error.Spawn.ExecFailed: /usr/bin/dbus-launch terminated abnormally without any error message
[4.265s] DEBUG:colcon.colcon_core.event_reactor:joined thread
[4.269s] INFO:colcon.colcon_core.shell:Creating prefix script '/root/workspaces/turtlebot_keyboard/install/local_setup.ps1'
[4.284s] INFO:colcon.colcon_core.shell:Creating prefix util module '/root/workspaces/turtlebot_keyboard/install/_local_setup_util_ps1.py'
[4.303s] INFO:colcon.colcon_core.shell:Creating prefix chain script '/root/workspaces/turtlebot_keyboard/install/setup.ps1'
[4.321s] INFO:colcon.colcon_core.shell:Creating prefix script '/root/workspaces/turtlebot_keyboard/install/local_setup.sh'
[4.340s] INFO:colcon.colcon_core.shell:Creating prefix util module '/root/workspaces/turtlebot_keyboard/install/_local_setup_util_sh.py'
[4.358s] INFO:colcon.colcon_core.shell:Creating prefix chain script '/root/workspaces/turtlebot_keyboard/install/setup.sh'
[4.377s] INFO:colcon.colcon_core.shell:Creating prefix script '/root/workspaces/turtlebot_keyboard/install/local_setup.bash'
[4.391s] INFO:colcon.colcon_core.shell:Creating prefix chain script '/root/workspaces/turtlebot_keyboard/install/setup.bash'
[4.409s] INFO:colcon.colcon_core.shell:Creating prefix script '/root/workspaces/turtlebot_keyboard/install/local_setup.zsh'
[4.425s] INFO:colcon.colcon_core.shell:Creating prefix chain script '/root/workspaces/turtlebot_keyboard/install/setup.zsh'
