[1.807s] Invoking command in '/root/workspaces/turtlebot_keyboard/src/turtlebot_controller': PYTHONPATH=/root/workspaces/turtlebot_keyboard/build/turtlebot_controller/prefix_override:/usr/lib/python3/dist-packages/colcon_core/task/python/colcon_distutils_commands:/root/workspaces/turtlebot_keyboard/install/turtlebot_controller/lib/python3.12/site-packages:${PYTHONPATH} /usr/bin/python3 -W ignore:setup.py install is deprecated -W ignore:easy_install command is deprecated setup.py egg_info --egg-base ../../build/turtlebot_controller build --build-base /root/workspaces/turtlebot_keyboard/build/turtlebot_controller/build install --record /root/workspaces/turtlebot_keyboard/build/turtlebot_controller/install.log --install-scripts $base/lib/turtlebot_controller --single-version-externally-managed install_data
[2.321s] running egg_info
[2.329s] creating ../../build/turtlebot_controller/turtlebot_controller.egg-info
[2.384s] writing ../../build/turtlebot_controller/turtlebot_controller.egg-info/PKG-INFO
[2.410s] writing dependency_links to ../../build/turtlebot_controller/turtlebot_controller.egg-info/dependency_links.txt
[2.423s] writing entry points to ../../build/turtlebot_controller/turtlebot_controller.egg-info/entry_points.txt
[2.447s] writing requirements to ../../build/turtlebot_controller/turtlebot_controller.egg-info/requires.txt
[2.465s] writing top-level names to ../../build/turtlebot_controller/turtlebot_controller.egg-info/top_level.txt
[2.478s] writing manifest file '../../build/turtlebot_controller/turtlebot_controller.egg-info/SOURCES.txt'
[2.560s] reading manifest file '../../build/turtlebot_controller/turtlebot_controller.egg-info/SOURCES.txt'
[2.573s] writing manifest file '../../build/turtlebot_controller/turtlebot_controller.egg-info/SOURCES.txt'
[2.577s] running build
[2.590s] running build_py
[2.608s] creating /root/workspaces/turtlebot_keyboard/build/turtlebot_controller/build
[2.613s] creating /root/workspaces/turtlebot_keyboard/build/turtlebot_controller/build/lib
[2.613s] creating /root/workspaces/turtlebot_keyboard/build/turtlebot_controller/build/lib/turtlebot_controller
[2.613s] copying turtlebot_controller/turtlebot_monitor.py -> /root/workspaces/turtlebot_keyboard/build/turtlebot_controller/build/lib/turtlebot_controller
[2.613s] copying turtlebot_controller/__init__.py -> /root/workspaces/turtlebot_keyboard/build/turtlebot_controller/build/lib/turtlebot_controller
[2.628s] copying turtlebot_controller/turtlebot_controller.py -> /root/workspaces/turtlebot_keyboard/build/turtlebot_controller/build/lib/turtlebot_controller
[2.643s] running install
[2.664s] running install_lib
[2.717s] creating /root/workspaces/turtlebot_keyboard/install/turtlebot_controller/lib/python3.12/site-packages/turtlebot_controller
[2.730s] copying /root/workspaces/turtlebot_keyboard/build/turtlebot_controller/build/lib/turtlebot_controller/turtlebot_monitor.py -> /root/workspaces/turtlebot_keyboard/install/turtlebot_controller/lib/python3.12/site-packages/turtlebot_controller
[2.748s] copying /root/workspaces/turtlebot_keyboard/build/turtlebot_controller/build/lib/turtlebot_controller/__init__.py -> /root/workspaces/turtlebot_keyboard/install/turtlebot_controller/lib/python3.12/site-packages/turtlebot_controller
[2.765s] copying /root/workspaces/turtlebot_keyboard/build/turtlebot_controller/build/lib/turtlebot_controller/turtlebot_controller.py -> /root/workspaces/turtlebot_keyboard/install/turtlebot_controller/lib/python3.12/site-packages/turtlebot_controller
[2.787s] byte-compiling /root/workspaces/turtlebot_keyboard/install/turtlebot_controller/lib/python3.12/site-packages/turtlebot_controller/turtlebot_monitor.py to turtlebot_monitor.cpython-312.pyc
[2.811s] byte-compiling /root/workspaces/turtlebot_keyboard/install/turtlebot_controller/lib/python3.12/site-packages/turtlebot_controller/__init__.py to __init__.cpython-312.pyc
[2.832s] byte-compiling /root/workspaces/turtlebot_keyboard/install/turtlebot_controller/lib/python3.12/site-packages/turtlebot_controller/turtlebot_controller.py to turtlebot_controller.cpython-312.pyc
[2.855s] running install_data
[2.868s] creating /root/workspaces/turtlebot_keyboard/install/turtlebot_controller/share/ament_index
[2.876s] creating /root/workspaces/turtlebot_keyboard/install/turtlebot_controller/share/ament_index/resource_index
[2.876s] creating /root/workspaces/turtlebot_keyboard/install/turtlebot_controller/share/ament_index/resource_index/packages
[2.877s] copying resource/turtlebot_controller -> /root/workspaces/turtlebot_keyboard/install/turtlebot_controller/share/ament_index/resource_index/packages
[2.895s] copying package.xml -> /root/workspaces/turtlebot_keyboard/install/turtlebot_controller/share/turtlebot_controller
[2.910s] running install_egg_info
[2.953s] Copying ../../build/turtlebot_controller/turtlebot_controller.egg-info to /root/workspaces/turtlebot_keyboard/install/turtlebot_controller/lib/python3.12/site-packages/turtlebot_controller-0.0.0-py3.12.egg-info
[3.132s] running install_scripts
[3.432s] Installing controller script to /root/workspaces/turtlebot_keyboard/install/turtlebot_controller/lib/turtlebot_controller
[3.453s] writing list of installed files to '/root/workspaces/turtlebot_keyboard/build/turtlebot_controller/install.log'
[3.520s] Invoked command in '/root/workspaces/turtlebot_keyboard/src/turtlebot_controller' returned '0': PYTHONPATH=/root/workspaces/turtlebot_keyboard/build/turtlebot_controller/prefix_override:/usr/lib/python3/dist-packages/colcon_core/task/python/colcon_distutils_commands:/root/workspaces/turtlebot_keyboard/install/turtlebot_controller/lib/python3.12/site-packages:${PYTHONPATH} /usr/bin/python3 -W ignore:setup.py install is deprecated -W ignore:easy_install command is deprecated setup.py egg_info --egg-base ../../build/turtlebot_controller build --build-base /root/workspaces/turtlebot_keyboard/build/turtlebot_controller/build install --record /root/workspaces/turtlebot_keyboard/build/turtlebot_controller/install.log --install-scripts $base/lib/turtlebot_controller --single-version-externally-managed install_data
